MPLINK 5.09, LINKER
Linker Map File - Created Fri Oct 11 11:37:16 2024

                                 Section Info
                  Section       Type    Address   Location Size(Bytes)
                ---------  ---------  ---------  ---------  ---------
                   .org_0       code   0x000000    program   0x0002a0
                   .cinit    romdata   0x000150    program   0x000004
.config_8007_BUILD/DEFAULT/PRODUCTION/MAIN.O       code   0x008007    program   0x000002
.config_8008_BUILD/DEFAULT/PRODUCTION/MAIN.O       code   0x008008    program   0x000002



                              Program Memory Usage 
                               Start         End      
                           ---------   ---------      
                            0x000000    0x000151      
                            0x008007    0x008008      
            340 out of 4359 program addresses used, program memory utilization is 7%



                              Symbols - Sorted by Name
                     Name    Address   Location    Storage File                     
                ---------  ---------  ---------  --------- ---------                
                     LED1   0x0000bc    program     static /home/user/pic-hourglass/pic-hourgalss.X/main.asm
                    LED10   0x000116    program     static /home/user/pic-hourglass/pic-hourgalss.X/main.asm
                    LED11   0x000120    program     static /home/user/pic-hourglass/pic-hourgalss.X/main.asm
                    LED12   0x00012a    program     static /home/user/pic-hourglass/pic-hourgalss.X/main.asm
                     LED2   0x0000c6    program     static /home/user/pic-hourglass/pic-hourgalss.X/main.asm
                     LED3   0x0000d0    program     static /home/user/pic-hourglass/pic-hourgalss.X/main.asm
                     LED4   0x0000da    program     static /home/user/pic-hourglass/pic-hourgalss.X/main.asm
                     LED5   0x0000e4    program     static /home/user/pic-hourglass/pic-hourgalss.X/main.asm
                     LED6   0x0000ee    program     static /home/user/pic-hourglass/pic-hourgalss.X/main.asm
                     LED7   0x0000f8    program     static /home/user/pic-hourglass/pic-hourgalss.X/main.asm
                     LED8   0x000102    program     static /home/user/pic-hourglass/pic-hourgalss.X/main.asm
                     LED9   0x00010c    program     static /home/user/pic-hourglass/pic-hourgalss.X/main.asm
                LED_CLEAR   0x0000b2    program     static /home/user/pic-hourglass/pic-hourgalss.X/main.asm
                     LOOP   0x000010    program     static /home/user/pic-hourglass/pic-hourgalss.X/main.asm
                   STATE0   0x000014    program     static /home/user/pic-hourglass/pic-hourgalss.X/main.asm
                   STATE1   0x00001a    program     static /home/user/pic-hourglass/pic-hourgalss.X/main.asm
                   STATE2   0x000020    program     static /home/user/pic-hourglass/pic-hourgalss.X/main.asm
                   STATE3   0x000026    program     static /home/user/pic-hourglass/pic-hourgalss.X/main.asm
                   STATE4   0x00002c    program     static /home/user/pic-hourglass/pic-hourgalss.X/main.asm
                   STATE5   0x000032    program     static /home/user/pic-hourglass/pic-hourgalss.X/main.asm
                   STATE6   0x000038    program     static /home/user/pic-hourglass/pic-hourgalss.X/main.asm
                   STATE7   0x00003e    program     static /home/user/pic-hourglass/pic-hourgalss.X/main.asm
             TIMER_1000MS   0x000145    program     static /home/user/pic-hourglass/pic-hourgalss.X/main.asm
      TIMER_1000MS_LABEL1   0x000147    program     static /home/user/pic-hourglass/pic-hourgalss.X/main.asm
      TIMER_1000MS_LABEL2   0x000149    program     static /home/user/pic-hourglass/pic-hourgalss.X/main.asm
               TIMER_10MS   0x00013b    program     static /home/user/pic-hourglass/pic-hourgalss.X/main.asm
        TIMER_10MS_LABEL1   0x00013d    program     static /home/user/pic-hourglass/pic-hourgalss.X/main.asm
        TIMER_10MS_LABEL2   0x00013f    program     static /home/user/pic-hourglass/pic-hourgalss.X/main.asm
                TIMER_LED   0x000134    program     static /home/user/pic-hourglass/pic-hourgalss.X/main.asm
         TIMER_LED_LABEL1   0x000136    program     static /home/user/pic-hourglass/pic-hourgalss.X/main.asm
                  _STATE0   0x000041    program     static /home/user/pic-hourglass/pic-hourgalss.X/main.asm
                  _STATE1   0x000048    program     static /home/user/pic-hourglass/pic-hourgalss.X/main.asm
              _STATE1_DEC   0x000060    program     static /home/user/pic-hourglass/pic-hourgalss.X/main.asm
               _STATE1_ON   0x000058    program     static /home/user/pic-hourglass/pic-hourgalss.X/main.asm
                  _STATE2   0x000062    program     static /home/user/pic-hourglass/pic-hourgalss.X/main.asm
                  _STATE3   0x000069    program     static /home/user/pic-hourglass/pic-hourgalss.X/main.asm
              _STATE3_DEC   0x000081    program     static /home/user/pic-hourglass/pic-hourgalss.X/main.asm
               _STATE3_ON   0x000079    program     static /home/user/pic-hourglass/pic-hourgalss.X/main.asm
                  _STATE4   0x000083    program     static /home/user/pic-hourglass/pic-hourgalss.X/main.asm
                  _STATE5   0x00008a    program     static /home/user/pic-hourglass/pic-hourgalss.X/main.asm
              _STATE5_DEC   0x0000a2    program     static /home/user/pic-hourglass/pic-hourgalss.X/main.asm
               _STATE5_ON   0x00009a    program     static /home/user/pic-hourglass/pic-hourgalss.X/main.asm
                  _STATE6   0x0000a4    program     static /home/user/pic-hourglass/pic-hourgalss.X/main.asm
                  _STATE7   0x0000ab    program     static /home/user/pic-hourglass/pic-hourgalss.X/main.asm



                              Symbols - Sorted by Address
                     Name    Address   Location    Storage File                     
                ---------  ---------  ---------  --------- ---------                
                     LOOP   0x000010    program     static /home/user/pic-hourglass/pic-hourgalss.X/main.asm
                   STATE0   0x000014    program     static /home/user/pic-hourglass/pic-hourgalss.X/main.asm
                   STATE1   0x00001a    program     static /home/user/pic-hourglass/pic-hourgalss.X/main.asm
                   STATE2   0x000020    program     static /home/user/pic-hourglass/pic-hourgalss.X/main.asm
                   STATE3   0x000026    program     static /home/user/pic-hourglass/pic-hourgalss.X/main.asm
                   STATE4   0x00002c    program     static /home/user/pic-hourglass/pic-hourgalss.X/main.asm
                   STATE5   0x000032    program     static /home/user/pic-hourglass/pic-hourgalss.X/main.asm
                   STATE6   0x000038    program     static /home/user/pic-hourglass/pic-hourgalss.X/main.asm
                   STATE7   0x00003e    program     static /home/user/pic-hourglass/pic-hourgalss.X/main.asm
                  _STATE0   0x000041    program     static /home/user/pic-hourglass/pic-hourgalss.X/main.asm
                  _STATE1   0x000048    program     static /home/user/pic-hourglass/pic-hourgalss.X/main.asm
               _STATE1_ON   0x000058    program     static /home/user/pic-hourglass/pic-hourgalss.X/main.asm
              _STATE1_DEC   0x000060    program     static /home/user/pic-hourglass/pic-hourgalss.X/main.asm
                  _STATE2   0x000062    program     static /home/user/pic-hourglass/pic-hourgalss.X/main.asm
                  _STATE3   0x000069    program     static /home/user/pic-hourglass/pic-hourgalss.X/main.asm
               _STATE3_ON   0x000079    program     static /home/user/pic-hourglass/pic-hourgalss.X/main.asm
              _STATE3_DEC   0x000081    program     static /home/user/pic-hourglass/pic-hourgalss.X/main.asm
                  _STATE4   0x000083    program     static /home/user/pic-hourglass/pic-hourgalss.X/main.asm
                  _STATE5   0x00008a    program     static /home/user/pic-hourglass/pic-hourgalss.X/main.asm
               _STATE5_ON   0x00009a    program     static /home/user/pic-hourglass/pic-hourgalss.X/main.asm
              _STATE5_DEC   0x0000a2    program     static /home/user/pic-hourglass/pic-hourgalss.X/main.asm
                  _STATE6   0x0000a4    program     static /home/user/pic-hourglass/pic-hourgalss.X/main.asm
                  _STATE7   0x0000ab    program     static /home/user/pic-hourglass/pic-hourgalss.X/main.asm
                LED_CLEAR   0x0000b2    program     static /home/user/pic-hourglass/pic-hourgalss.X/main.asm
                     LED1   0x0000bc    program     static /home/user/pic-hourglass/pic-hourgalss.X/main.asm
                     LED2   0x0000c6    program     static /home/user/pic-hourglass/pic-hourgalss.X/main.asm
                     LED3   0x0000d0    program     static /home/user/pic-hourglass/pic-hourgalss.X/main.asm
                     LED4   0x0000da    program     static /home/user/pic-hourglass/pic-hourgalss.X/main.asm
                     LED5   0x0000e4    program     static /home/user/pic-hourglass/pic-hourgalss.X/main.asm
                     LED6   0x0000ee    program     static /home/user/pic-hourglass/pic-hourgalss.X/main.asm
                     LED7   0x0000f8    program     static /home/user/pic-hourglass/pic-hourgalss.X/main.asm
                     LED8   0x000102    program     static /home/user/pic-hourglass/pic-hourgalss.X/main.asm
                     LED9   0x00010c    program     static /home/user/pic-hourglass/pic-hourgalss.X/main.asm
                    LED10   0x000116    program     static /home/user/pic-hourglass/pic-hourgalss.X/main.asm
                    LED11   0x000120    program     static /home/user/pic-hourglass/pic-hourgalss.X/main.asm
                    LED12   0x00012a    program     static /home/user/pic-hourglass/pic-hourgalss.X/main.asm
                TIMER_LED   0x000134    program     static /home/user/pic-hourglass/pic-hourgalss.X/main.asm
         TIMER_LED_LABEL1   0x000136    program     static /home/user/pic-hourglass/pic-hourgalss.X/main.asm
               TIMER_10MS   0x00013b    program     static /home/user/pic-hourglass/pic-hourgalss.X/main.asm
        TIMER_10MS_LABEL1   0x00013d    program     static /home/user/pic-hourglass/pic-hourgalss.X/main.asm
        TIMER_10MS_LABEL2   0x00013f    program     static /home/user/pic-hourglass/pic-hourgalss.X/main.asm
             TIMER_1000MS   0x000145    program     static /home/user/pic-hourglass/pic-hourgalss.X/main.asm
      TIMER_1000MS_LABEL1   0x000147    program     static /home/user/pic-hourglass/pic-hourgalss.X/main.asm
      TIMER_1000MS_LABEL2   0x000149    program     static /home/user/pic-hourglass/pic-hourgalss.X/main.asm


